// Jest Snapshot v1, https://goo.gl/fbAQLP

exports[`matches snapshot 1`] = `
<div>
  <FormCheck
    onChange={[Function]}
    type="checkbox"
  />
</div>
`;
