// Jest Snapshot v1, https://goo.gl/fbAQLP

exports[`matches snapshot 1`] = `
<Button
  active={false}
  block={true}
  disabled={false}
  onClick={[Function]}
  variant="primary"
/>
`;
